{
  "bad_field_name": "foo",
  "password": "bar"
}